api/api-inject|docs/api-skills/api-inject
api/api-logic|docs/api-skills/api-logic
api/api-mapping|docs/api-mapping
api/api-replay|docs/api-skills/api-replay
api/auth-matrix|docs/api-skills/auth-matrix
api/idor-hunt|docs/idor-hunt
api/openapi-recon|docs/openapi-recon
api/pdf-skill|docs/pdf-skill
c2/accept-gate|docs/c2-skills/accept-gate
c2/payload-gen|docs/c2-skills/payload-gen
c2/payload-spec|docs/new-skills/payload-spec
c2/qa-loop|docs/qa-loop
c2/scope-gate|docs/scope-gate
c2/variant-engine|docs/variant-engine
exploit/poc-verify|docs/exploit/poc-verify
exploit/semgrep-scan|docs/new-skills/semgrep-scan
exploit/source-acquire|docs/exploit/source-acquire
exploit/surface-map|docs/exploit/surface-map
exploit/taint-audit|docs/exploit/taint-audit
nday/cve-intel|docs/nday-skills/cve-intel
nday/exploit-triage|docs/exploit-triage
nday/nday-report|docs/nday-skills/nday-report
nday/poc-adapt|docs/poc-adapt
nday/spectre-nuclei|docs/spectre-nuclei
nday/variant-bypass|docs/nday-skills/variant-bypass
persistence/persist-methods|docs/persist-skills/persist-methods
persistence/trace-cleanup|docs/persist-skills/trace-cleanup
phish/email-craft|docs/email-craft
phish/landing-page|docs/phish-skills/landing-page
phish/phishlet|docs/new-skills/phishlet
phish/smtp-send|docs/smtp-send
phish/track-report|docs/track-report
postex/bloodhound-ad|docs/new-skills/bloodhound-ad
postex/file-ops|docs/file-ops
postex/host-recon|docs/host-recon
postex/lateral-prep|docs/lateral-prep
postex/priv-enum|docs/priv-enum
recon/asset-db|docs/new-skills/asset-db
recon/attribution-hunt|docs/attribution-hunt
recon/cdn-bypass|docs/cdn-bypass
recon/cidr-decision|docs/cidr-decision
recon/host-profile|docs/host-profile
recon/nmap-cheatsheet|docs/nmap-cheatsheet
recon/osint-dork|docs/osint-dork
recon/pi-discovery|docs/pi-discovery
recon/recon-report|docs/recon-report
recon/subdomain-sweep|docs/recon-skills/subdomain-sweep
recon/vhost-collide|docs/recon-skills/vhost-collide
recon/web-topology|docs/web-topology
weakcred/api-brute|docs/brute-skills/api-brute
weakcred/dir-brute|docs/brute-skills/dir-brute
weakcred/nmap-cheatsheet|docs/nmap-cheatsheet
weakcred/service-brute|docs/brute-skills/service-brute
weakcred/weakcred-method|docs/brute-skills/weakcred-method
weakcred/web-login-brute|docs/brute-skills/web-login-brute
